export const snapshot = {};

snapshot[`favicon plugin 1`] = `
{
  formats: [
    {
      engines: 0,
      ext: ".page.toml",
      isPage: true,
      loader: [AsyncFunction: toml],
    },
    {
      engines: 1,
      ext: ".page.ts",
      isPage: true,
      loader: [AsyncFunction: module],
    },
    {
      engines: 1,
      ext: ".page.js",
      isPage: true,
      loader: [AsyncFunction: module],
    },
    {
      engines: 0,
      ext: ".page.jsonc",
      isPage: true,
      loader: [AsyncFunction: json],
    },
    {
      engines: 0,
      ext: ".page.json",
      isPage: true,
      loader: [AsyncFunction: json],
    },
    {
      dataLoader: [AsyncFunction: json],
      engines: 0,
      ext: ".json",
      loader: [AsyncFunction: json],
    },
    {
      dataLoader: [AsyncFunction: json],
      engines: 0,
      ext: ".jsonc",
      loader: [AsyncFunction: json],
    },
    {
      engines: 1,
      ext: ".md",
      isPage: true,
      loader: [AsyncFunction: text],
    },
    {
      engines: 1,
      ext: ".markdown",
      isPage: true,
      loader: [AsyncFunction: text],
    },
    {
      dataLoader: [AsyncFunction: module],
      engines: 1,
      ext: ".js",
      loader: [AsyncFunction: module],
    },
    {
      dataLoader: [AsyncFunction: module],
      engines: 1,
      ext: ".ts",
      loader: [AsyncFunction: module],
    },
    {
      engines: 1,
      ext: ".vento",
      isPage: true,
      loader: [AsyncFunction: text],
    },
    {
      engines: 1,
      ext: ".vto",
      isPage: true,
      loader: [AsyncFunction: text],
    },
    {
      dataLoader: [AsyncFunction: toml],
      engines: 0,
      ext: ".toml",
      loader: [AsyncFunction: toml],
    },
    {
      dataLoader: [AsyncFunction: yaml],
      engines: 0,
      ext: ".yaml",
      isPage: true,
      loader: [AsyncFunction: yaml],
    },
    {
      dataLoader: [AsyncFunction: yaml],
      engines: 0,
      ext: ".yml",
      isPage: true,
      loader: [AsyncFunction: yaml],
    },
    {
      ext: ".svg",
    },
    {
      ext: ".html",
    },
  ],
  src: [
    "/",
    "/favicon.svg",
    "/index.vto",
  ],
}
`;

snapshot[`favicon plugin 2`] = `[]`;

snapshot[`favicon plugin 3`] = `
[
  {
    content: "Uint8Array(8395)",
    data: {
      basename: "apple-touch-icon",
      content: "Uint8Array(8395)",
      page: [
        "src",
        "data",
        "asset",
      ],
      url: "/apple-touch-icon.png",
    },
    src: {
      asset: true,
      ext: "",
      path: "",
      remote: undefined,
    },
  },
  {
    content: "Uint8Array(1389)",
    data: {
      basename: "favicon",
      content: "Uint8Array(1389)",
      page: [
        "src",
        "data",
        "asset",
      ],
      url: "/favicon.ico",
    },
    src: {
      asset: true,
      ext: "",
      path: "",
      remote: undefined,
    },
  },
  {
    content: '<svg xmlns="http://www.w3.org/2000/svg" width="64" height="64" fill="none"><g fill="#000" clip-path="url(#a)"><path d="M32 31.998v28L7.486 46.013V17.997z" opacity=".2"/><path fill-rule="evenodd" d="m60 15.969-28-16-28 16V48.03l28 16 28-16zm-3.5 2.03-12.252-7h.002L32 18l-12.25-7 .003-.001L7.5 17.999v14l12.25 7v14L32 60V32zm0 28-12.25 7V39l12.25-7z" clip-rule="evenodd"/></g><defs><clipPath id="a"><path fill="#fff" d="M0 0h64v64H0z"/></clipPath></defs></svg>',
    data: {
      basename: "favicon",
      mergedKeys: [
        "tags",
      ],
      page: [
        "src",
        "data",
        "asset",
      ],
      paginate: "paginate",
      search: [],
      tags: "Array(0)",
      url: "/favicon.svg",
    },
    src: {
      asset: true,
      ext: ".svg",
      path: "/favicon",
      remote: undefined,
    },
  },
  {
    content: '<!DOCTYPE html>
<html><head>
    <title>Hello world</title>
  <link rel="icon" sizes="48x48" href="/favicon.ico">
<link rel="apple-touch-icon" sizes="180x180" href="/apple-touch-icon.png">
<link rel="icon" sizes="any" href="/favicon.svg" type="image/svg+xml">
</head>
  <body>
  
</body></html>',
    data: {
      basename: "index",
      children: "<html>
  <head>
    <title>Hello world</title>
  </head>
  <body>
  </body>
</html>",
      content: "<html>
  <head>
    <title>{{ title }}</title>
  </head>
  <body>
  </body>
</html>",
      date: [],
      mergedKeys: [
        "tags",
      ],
      page: [
        "src",
        "data",
        "asset",
      ],
      paginate: "paginate",
      search: [],
      tags: "Array(0)",
      title: "Hello world",
      url: "/",
    },
    src: {
      asset: false,
      ext: ".vto",
      path: "/index",
      remote: undefined,
    },
  },
]
`;
