export const snapshot = {};

snapshot[`FFF plugin 1`] = `
{
  formats: [
    {
      engines: 0,
      ext: ".page.toml",
      isPage: true,
      loader: [AsyncFunction: toml],
    },
    {
      engines: 1,
      ext: ".page.ts",
      isPage: true,
      loader: [AsyncFunction: module],
    },
    {
      engines: 1,
      ext: ".page.js",
      isPage: true,
      loader: [AsyncFunction: module],
    },
    {
      engines: 0,
      ext: ".page.jsonc",
      isPage: true,
      loader: [AsyncFunction: json],
    },
    {
      engines: 0,
      ext: ".page.json",
      isPage: true,
      loader: [AsyncFunction: json],
    },
    {
      dataLoader: [AsyncFunction: json],
      engines: 0,
      ext: ".json",
      loader: [AsyncFunction: json],
    },
    {
      dataLoader: [AsyncFunction: json],
      engines: 0,
      ext: ".jsonc",
      loader: [AsyncFunction: json],
    },
    {
      engines: 1,
      ext: ".md",
      isPage: true,
      loader: [AsyncFunction: text],
    },
    {
      engines: 1,
      ext: ".markdown",
      isPage: true,
      loader: [AsyncFunction: text],
    },
    {
      dataLoader: [AsyncFunction: module],
      engines: 1,
      ext: ".js",
      loader: [AsyncFunction: module],
    },
    {
      dataLoader: [AsyncFunction: module],
      engines: 1,
      ext: ".ts",
      loader: [AsyncFunction: module],
    },
    {
      engines: 1,
      ext: ".vento",
      isPage: true,
      loader: [AsyncFunction: text],
    },
    {
      engines: 1,
      ext: ".vto",
      isPage: true,
      loader: [AsyncFunction: text],
    },
    {
      dataLoader: [AsyncFunction: toml],
      engines: 0,
      ext: ".toml",
      loader: [AsyncFunction: toml],
    },
    {
      dataLoader: [AsyncFunction: yaml],
      engines: 0,
      ext: ".yaml",
      isPage: true,
      loader: [AsyncFunction: yaml],
    },
    {
      dataLoader: [AsyncFunction: yaml],
      engines: 0,
      ext: ".yml",
      isPage: true,
      loader: [AsyncFunction: yaml],
    },
    {
      ext: ".html",
    },
  ],
  src: [
    "/",
    "/date.md",
    "/image.md",
    "/tags.md",
  ],
}
`;

snapshot[`FFF plugin 2`] = `[]`;

snapshot[`FFF plugin 3`] = `
[
  {
    content: "<p>The <code>published</code> should be used as <code>date</code>.</p>
",
    data: {
      alt: "undefined",
      audio: "undefined",
      basename: "date",
      categories: "undefined",
      children: "<p>The <code>published</code> should be used as <code>date</code>.</p>
",
      content: "The \`published\` should be used as \`date\`.
",
      created: [],
      date: [],
      draft: "undefined",
      flags: "undefined",
      image: "undefined",
      images: "Array(0)",
      mergedKeys: [
        "tags",
      ],
      page: [
        "src",
        "data",
      ],
      paginate: "paginate",
      published: [],
      search: [],
      summary: "The \`published\` should be used as \`date\`.
",
      tags: "Array(0)",
      title: "FFF Date Test",
      type: "article",
      updated: [],
      url: "/date/",
      video: "undefined",
      visibility: "undefined",
    },
    src: {
      ext: ".md",
      path: "/date",
      remote: undefined,
    },
  },
  {
    content: "<p>FFF Image Test</p>
",
    data: {
      alt: "FFF Image Test",
      audio: "undefined",
      basename: "image",
      categories: "undefined",
      children: "<p>FFF Image Test</p>
",
      content: "FFF Image Test
",
      created: [],
      date: [],
      draft: "undefined",
      flags: "undefined",
      image: [
        "alt",
        "src",
      ],
      images: "Array(1)",
      mergedKeys: [
        "tags",
      ],
      page: [
        "src",
        "data",
      ],
      paginate: "paginate",
      search: [],
      summary: "FFF Image Test
",
      tags: "Array(0)",
      type: "photo",
      updated: [],
      url: "/image/",
      video: "undefined",
      visibility: "undefined",
    },
    src: {
      ext: ".md",
      path: "/image",
      remote: undefined,
    },
  },
  {
    content: "<p>FFF Tags Test</p>
<p>The <code>categories</code> should be merged into <code>tags</code>.</p>
",
    data: {
      alt: "undefined",
      audio: "undefined",
      basename: "tags",
      categories: "Array(2)",
      children: "<p>FFF Tags Test</p>
<p>The <code>categories</code> should be merged into <code>tags</code>.</p>
",
      content: "FFF Tags Test

The \`categories\` should be merged into \`tags\`.
",
      created: [],
      date: [],
      draft: "undefined",
      flags: "undefined",
      image: "undefined",
      images: "Array(0)",
      mergedKeys: [
        "tags",
      ],
      page: [
        "src",
        "data",
      ],
      paginate: "paginate",
      search: [],
      summary: "FFF Tags Test

The \`categories\` should be merged into \`tags\`.
",
      tags: "Array(4)",
      type: "photo",
      updated: [],
      url: "/tags/",
      video: "undefined",
      visibility: "undefined",
    },
    src: {
      ext: ".md",
      path: "/tags",
      remote: undefined,
    },
  },
]
`;
