export const snapshot = {};

snapshot[`Layouts 1`] = `
{
  formats: [
    {
      engines: 0,
      ext: ".page.toml",
      isPage: true,
      loader: [AsyncFunction: toml],
    },
    {
      engines: 1,
      ext: ".page.ts",
      isPage: true,
      loader: [AsyncFunction: module],
    },
    {
      engines: 1,
      ext: ".page.js",
      isPage: true,
      loader: [AsyncFunction: module],
    },
    {
      engines: 0,
      ext: ".page.jsonc",
      isPage: true,
      loader: [AsyncFunction: json],
    },
    {
      engines: 0,
      ext: ".page.json",
      isPage: true,
      loader: [AsyncFunction: json],
    },
    {
      dataLoader: [AsyncFunction: json],
      engines: 0,
      ext: ".json",
      loader: [AsyncFunction: json],
    },
    {
      dataLoader: [AsyncFunction: json],
      engines: 0,
      ext: ".jsonc",
      loader: [AsyncFunction: json],
    },
    {
      engines: 1,
      ext: ".md",
      isPage: true,
      loader: [AsyncFunction: text],
    },
    {
      engines: 1,
      ext: ".markdown",
      isPage: true,
      loader: [AsyncFunction: text],
    },
    {
      dataLoader: [AsyncFunction: module],
      engines: 1,
      ext: ".js",
      loader: [AsyncFunction: module],
    },
    {
      dataLoader: [AsyncFunction: module],
      engines: 1,
      ext: ".ts",
      loader: [AsyncFunction: module],
    },
    {
      engines: 1,
      ext: ".vento",
      isPage: true,
      loader: [AsyncFunction: text],
    },
    {
      engines: 1,
      ext: ".vto",
      isPage: true,
      loader: [AsyncFunction: text],
    },
    {
      dataLoader: [AsyncFunction: toml],
      engines: 0,
      ext: ".toml",
      loader: [AsyncFunction: toml],
    },
    {
      dataLoader: [AsyncFunction: yaml],
      engines: 0,
      ext: ".yaml",
      isPage: true,
      loader: [AsyncFunction: yaml],
    },
    {
      dataLoader: [AsyncFunction: yaml],
      engines: 0,
      ext: ".yml",
      isPage: true,
      loader: [AsyncFunction: yaml],
    },
    {
      ext: ".css",
    },
  ],
  src: [
    "/",
    "/_includes",
    "/_includes/layout-2.vto",
    "/_includes/layout-3.vto",
    "/_includes/page.vto",
    "/_includes/style.vto",
    "/index.md",
    "/page.md",
    "/styles.2.css",
    "/styles.css",
  ],
}
`;

snapshot[`Layouts 2`] = `
[
  {
    entry: "/styles.2.css",
    flags: [],
    outputPath: "/styles.2.css",
  },
  {
    entry: "/styles.css",
    flags: [],
    outputPath: "/styles.css",
  },
]
`;

snapshot[`Layouts 3`] = `
[
  {
    content: "<html>
  <body>
    <h1>Hello world</h1>

  </body>
</html>",
    data: {
      basename: "index",
      children: "<h1>Hello world</h1>
",
      content: "# Hello world
",
      date: [],
      layout: "page.vto",
      mergedKeys: [
        "tags",
      ],
      page: [
        "src",
        "data",
        "asset",
      ],
      paginate: "paginate",
      search: [],
      tags: "Array(0)",
      url: "/",
    },
    src: {
      asset: false,
      ext: ".md",
      path: "/index",
      remote: undefined,
    },
  },
  {
    content: "<h2>From Layout 3</h2>
/file-1.css,/file-2.css,/file-3.css

<h2>From Layout 2</h2>
/file-1.css,/file-2.css

<p>Content</p>


",
    data: {
      basename: "page",
      children: "<p>Content</p>
",
      content: "Content
",
      css_file: "Array(1)",
      date: [],
      layout: "layout-2.vto",
      mergedKeys: [
        "css_file",
      ],
      page: [
        "src",
        "data",
        "asset",
      ],
      paginate: "paginate",
      search: [],
      tags: "Array(0)",
      url: "/page/",
    },
    src: {
      asset: false,
      ext: ".md",
      path: "/page",
      remote: undefined,
    },
  },
]
`;
