export const snapshot = {};

snapshot[`Load the pages of a site 1`] = `
{
  formats: [
    {
      engines: 0,
      ext: ".page.toml",
      isPage: true,
      loader: [AsyncFunction: toml],
    },
    {
      engines: 1,
      ext: ".page.ts",
      isPage: true,
      loader: [AsyncFunction: module],
    },
    {
      engines: 1,
      ext: ".page.js",
      isPage: true,
      loader: [AsyncFunction: module],
    },
    {
      engines: 0,
      ext: ".page.jsonc",
      isPage: true,
      loader: [AsyncFunction: json],
    },
    {
      engines: 0,
      ext: ".page.json",
      isPage: true,
      loader: [AsyncFunction: json],
    },
    {
      dataLoader: [AsyncFunction: json],
      engines: 0,
      ext: ".json",
      loader: [AsyncFunction: json],
    },
    {
      dataLoader: [AsyncFunction: json],
      engines: 0,
      ext: ".jsonc",
      loader: [AsyncFunction: json],
    },
    {
      engines: 1,
      ext: ".md",
      isPage: true,
      loader: [AsyncFunction: text],
    },
    {
      engines: 1,
      ext: ".markdown",
      isPage: true,
      loader: [AsyncFunction: text],
    },
    {
      dataLoader: [AsyncFunction: module],
      engines: 1,
      ext: ".js",
      loader: [AsyncFunction: module],
    },
    {
      dataLoader: [AsyncFunction: module],
      engines: 1,
      ext: ".ts",
      loader: [AsyncFunction: module],
    },
    {
      engines: 1,
      ext: ".vento",
      isPage: true,
      loader: [AsyncFunction: text],
    },
    {
      engines: 1,
      ext: ".vto",
      isPage: true,
      loader: [AsyncFunction: text],
    },
    {
      dataLoader: [AsyncFunction: toml],
      engines: 0,
      ext: ".toml",
      loader: [AsyncFunction: toml],
    },
    {
      dataLoader: [AsyncFunction: yaml],
      engines: 0,
      ext: ".yaml",
      isPage: true,
      loader: [AsyncFunction: yaml],
    },
    {
      dataLoader: [AsyncFunction: yaml],
      engines: 0,
      ext: ".yml",
      isPage: true,
      loader: [AsyncFunction: yaml],
    },
    {
      ext: ".png",
    },
    {
      ext: ".css",
    },
  ],
  src: [
    "/",
    "/404.md",
    "/_data.yml",
    "/favicon.png",
    "/images",
    "/images/avatar.jpg",
    "/page5.yaml",
    "/pages",
    "/pages/2020-06-21_page2.page.json",
    "/pages/2021-01-02-18-32_page4.page.ts",
    "/pages/_data",
    "/pages/_data.yml",
    "/pages/_data/colors.yml",
    "/pages/_data/documents.ts",
    "/pages/_data/drinks.js",
    "/pages/_data/names.json",
    "/pages/ghost",
    "/pages/ghost/2021-12-29-page6.md",
    "/pages/ghost/_data.yml",
    "/pages/page1.md",
    "/pages/page3.page.js",
    "/pages/subpage",
    "/pages/subpage/_data.yml",
    "/pages/subpage/page7.page.js",
    "/static.yml",
    "/styles.css",
  ],
}
`;

snapshot[`Load the pages of a site 2`] = `
[
  {
    entry: "/favicon.png",
    flags: [],
    outputPath: "/favicon.png",
  },
  {
    entry: "/styles.css",
    flags: [],
    outputPath: "/styles.css",
  },
]
`;

snapshot[`Load the pages of a site 3`] = `
[
  {
    content: "<p>This page is exported to <code>/404.html</code>, not <code>/404/index.html</code></p>
",
    data: {
      basename: "404",
      children: "<p>This page is exported to <code>/404.html</code>, not <code>/404/index.html</code></p>
",
      content: "This page is exported to \`/404.html\`, not \`/404/index.html\`
",
      date: [],
      imagick: "Array(1)",
      mergedKeys: [
        "tags",
        "metas",
        "imagick",
      ],
      metas: [
        "title",
        "description",
      ],
      page: [
        "src",
        "data",
      ],
      paginate: "paginate",
      search: [],
      site: "Default site name",
      tags: "Array(1)",
      url: "/404.html",
    },
    src: {
      ext: ".md",
      path: "/404",
      remote: undefined,
    },
  },
  {
    content: "Content of Page 2",
    data: {
      basename: "page2",
      children: "Content of Page 2",
      colors: "Array(3)",
      content: "Content of Page 2",
      date: [],
      documents: "Array(3)",
      drinks: [
        "alcoholic",
        "others",
      ],
      imagick: "Array(1)",
      mergedKeys: [
        "tags",
        "metas",
        "imagick",
      ],
      metas: [
        "title",
        "description",
        "image",
      ],
      names: "Array(2)",
      page: [
        "src",
        "data",
      ],
      paginate: "paginate",
      search: [],
      site: "Folder overrided site name",
      tags: "Array(2)",
      title: "Page 2",
      url: "/overrided-page2/",
    },
    src: {
      ext: ".page.json",
      path: "/pages/2020-06-21_page2",
      remote: undefined,
    },
  },
  {
    content: "Content of Page 3",
    data: {
      basename: "page3",
      children: "Content of Page 3",
      colors: "Array(3)",
      content: "Content of Page 3",
      date: [],
      documents: "Array(3)",
      drinks: [
        "alcoholic",
        "others",
      ],
      imagick: "Array(1)",
      mergedKeys: [
        "tags",
        "metas",
        "imagick",
      ],
      metas: [
        "title",
        "description",
      ],
      names: "Array(2)",
      page: [
        "src",
        "data",
      ],
      paginate: "paginate",
      search: [],
      site: "Folder overrided site name",
      tags: "Array(2)",
      title: "Page 3",
      url: "/page_3/",
    },
    src: {
      ext: ".page.js",
      path: "/pages/page3",
      remote: undefined,
    },
  },
  {
    content: "Content of Page 5",
    data: {
      basename: "page5",
      children: "Content of Page 5",
      content: "Content of Page 5",
      date: [],
      imagick: "Array(1)",
      mergedKeys: [
        "tags",
        "metas",
        "imagick",
      ],
      metas: [
        "title",
        "description",
      ],
      page: [
        "src",
        "data",
      ],
      paginate: "paginate",
      search: [],
      site: "Default site name",
      tags: "Array(1)",
      title: "Page 5",
      url: "/page5/",
    },
    src: {
      ext: ".yaml",
      path: "/page5",
      remote: undefined,
    },
  },
  {
    content: "Content of Page 7",
    data: {
      basename: "page7",
      children: "Content of Page 7",
      colors: "Array(3)",
      content: "Content of Page 7",
      date: [],
      documents: "Array(3)",
      drinks: [
        "alcoholic",
        "others",
      ],
      imagick: "Array(1)",
      mergedKeys: [
        "tags",
        "metas",
        "imagick",
      ],
      metas: [
        "title",
        "description",
      ],
      names: "Array(2)",
      page: [
        "src",
        "data",
      ],
      paginate: "paginate",
      search: [],
      site: "Folder overrided site name",
      tags: "Array(4)",
      title: "Page 7",
      url: "/pages/new-name/page7/",
    },
    src: {
      ext: ".page.js",
      path: "/pages/subpage/page7",
      remote: undefined,
    },
  },
  {
    content: "<p>Content of Page 1</p>
",
    data: {
      basename: "page1",
      children: "<p>Content of Page 1</p>
",
      colors: "Array(3)",
      content: "Content of Page 1
",
      date: [],
      documents: "Array(3)",
      draft: true,
      drinks: [
        "alcoholic",
        "others",
      ],
      imagick: "Array(2)",
      mergedKeys: [
        "tags",
        "metas",
        "imagick",
      ],
      metas: [
        "title",
        "description",
      ],
      names: "Array(2)",
      page: [
        "src",
        "data",
      ],
      paginate: "paginate",
      search: [],
      site: "Folder overrided site name",
      tags: "Array(3)",
      title: "Page 1",
      url: "/pages/page1/",
    },
    src: {
      ext: ".md",
      path: "/pages/page1",
      remote: undefined,
    },
  },
  {
    content: "Content of Page 4 in Overrided site name, from the file /pages/2021-01-02-18-32_page4.page.ts",
    data: {
      basename: "page4",
      children: "Content of Page 4 in Overrided site name, from the file /pages/2021-01-02-18-32_page4.page.ts",
      colors: "Array(3)",
      content: "default",
      date: [],
      documents: "Array(3)",
      drinks: [
        "alcoholic",
        "others",
      ],
      imagick: "Array(1)",
      mergedKeys: [
        "tags",
        "metas",
        "imagick",
      ],
      metas: [
        "title",
        "description",
      ],
      names: "Array(2)",
      page: [
        "src",
        "data",
      ],
      paginate: "paginate",
      search: [],
      site: "Overrided site name",
      tags: "Array(2)",
      title: "Page 4",
      url: "/pages/page4/",
    },
    src: {
      ext: ".page.ts",
      path: "/pages/2021-01-02-18-32_page4",
      remote: undefined,
    },
  },
  {
    content: "<p>Content of Page 6</p>
",
    data: {
      basename: "page6",
      children: "<p>Content of Page 6</p>
",
      colors: "Array(3)",
      content: "Content of Page 6
",
      date: [],
      documents: "Array(3)",
      drinks: [
        "alcoholic",
        "others",
      ],
      imagick: "Array(1)",
      mergedKeys: [
        "tags",
        "metas",
        "imagick",
      ],
      metas: [
        "title",
        "description",
      ],
      names: "Array(2)",
      page: [
        "src",
        "data",
      ],
      paginate: "paginate",
      search: [],
      site: "Folder overrided site name",
      tags: "Array(3)",
      title: "Page 6",
      url: "/pages/page6/",
    },
    src: {
      ext: ".md",
      path: "/pages/ghost/2021-12-29-page6",
      remote: undefined,
    },
  },
  {
    content: "This is a page",
    data: {
      basename: "static",
      children: "This is a page",
      content: "This is a page",
      date: [],
      imagick: "Array(1)",
      mergedKeys: [
        "tags",
        "metas",
        "imagick",
      ],
      metas: [
        "title",
        "description",
      ],
      page: [
        "src",
        "data",
      ],
      paginate: "paginate",
      search: [],
      site: "Default site name",
      tags: "Array(1)",
      url: "/static/",
    },
    src: {
      ext: ".yml",
      path: "/static",
      remote: undefined,
    },
  },
]
`;
