export const snapshot = {};

snapshot[`minify_html plugin 1`] = `
{
  formats: [
    {
      engines: 0,
      ext: ".page.toml",
      isPage: true,
      loader: [AsyncFunction: toml],
    },
    {
      engines: 1,
      ext: ".page.ts",
      isPage: true,
      loader: [AsyncFunction: module],
    },
    {
      engines: 1,
      ext: ".page.js",
      isPage: true,
      loader: [AsyncFunction: module],
    },
    {
      engines: 0,
      ext: ".page.jsonc",
      isPage: true,
      loader: [AsyncFunction: json],
    },
    {
      engines: 0,
      ext: ".page.json",
      isPage: true,
      loader: [AsyncFunction: json],
    },
    {
      dataLoader: [AsyncFunction: json],
      engines: 0,
      ext: ".json",
      loader: [AsyncFunction: json],
    },
    {
      dataLoader: [AsyncFunction: json],
      engines: 0,
      ext: ".jsonc",
      loader: [AsyncFunction: json],
    },
    {
      engines: 1,
      ext: ".md",
      isPage: true,
      loader: [AsyncFunction: text],
    },
    {
      engines: 1,
      ext: ".markdown",
      isPage: true,
      loader: [AsyncFunction: text],
    },
    {
      dataLoader: [AsyncFunction: module],
      engines: 1,
      ext: ".js",
      loader: [AsyncFunction: module],
    },
    {
      dataLoader: [AsyncFunction: module],
      engines: 1,
      ext: ".ts",
      loader: [AsyncFunction: module],
    },
    {
      engines: 1,
      ext: ".vento",
      isPage: true,
      loader: [AsyncFunction: text],
    },
    {
      engines: 1,
      ext: ".vto",
      isPage: true,
      loader: [AsyncFunction: text],
    },
    {
      dataLoader: [AsyncFunction: toml],
      engines: 0,
      ext: ".toml",
      loader: [AsyncFunction: toml],
    },
    {
      dataLoader: [AsyncFunction: yaml],
      engines: 0,
      ext: ".yaml",
      isPage: true,
      loader: [AsyncFunction: yaml],
    },
    {
      dataLoader: [AsyncFunction: yaml],
      engines: 0,
      ext: ".yml",
      isPage: true,
      loader: [AsyncFunction: yaml],
    },
    {
      ext: ".html",
    },
  ],
  src: [
    "/",
    "/index.vto",
  ],
}
`;

snapshot[`minify_html plugin 2`] = `[]`;

snapshot[`minify_html plugin 3`] = `
[
  {
    content: '<!doctype html><html lang=en><meta charset=UTF-8><meta content="IE=edge" http-equiv=X-UA-Compatible><meta content="width=device-width,initial-scale=1.0" name=viewport><title>Document</title><style>body{color:#333;background-color:#fff;font-family:Open Sans,sans-serif;font-size:14px;line-height:1.42857}h1{margin-top:0;margin-bottom:.5em;font-size:1.5em}</style><body><h1>Hello World</h1><script>var a=1;var b=2;var c=a+ b;console.log(c)</script>',
    data: {
      basename: "",
      children: \`<!DOCTYPE html>
<html lang="en">
<head>
  <meta charset="UTF-8">
  <meta http-equiv="X-UA-Compatible" content="IE=edge">
  <meta name="viewport" content="width=device-width, initial-scale=1.0">
  <title>Document</title>
  <style>
    body {
      font-family: 'Open Sans', sans-serif;
      font-size: 14px;
      line-height: 1.42857143;
      color: #333;
      background-color: #fff;
    }
    h1 {
      font-size: 1.5em;
      margin-top: 0;
      margin-bottom: .5em;
    }
  </style>
</head>
<body>
  <h1>Hello World</h1>
  <script>
    var a = 1;
    var b = 2;
    var c = a + b;
    console.log(c);
  </script>
</body>
</html>\`,
      content: \`<!DOCTYPE html>
<html lang="en">
<head>
  <meta charset="UTF-8">
  <meta http-equiv="X-UA-Compatible" content="IE=edge">
  <meta name="viewport" content="width=device-width, initial-scale=1.0">
  <title>Document</title>
  <style>
    body {
      font-family: 'Open Sans', sans-serif;
      font-size: 14px;
      line-height: 1.42857143;
      color: #333;
      background-color: #fff;
    }
    h1 {
      font-size: 1.5em;
      margin-top: 0;
      margin-bottom: .5em;
    }
  </style>
</head>
<body>
  <h1>Hello World</h1>
  <script>
    var a = 1;
    var b = 2;
    var c = a + b;
    console.log(c);
  </script>
</body>
</html>\`,
      date: [],
      mergedKeys: [
        "tags",
      ],
      page: [
        "src",
        "data",
      ],
      paginate: "paginate",
      search: [],
      tags: "Array(0)",
      url: "/",
    },
    src: {
      ext: ".vto",
      path: "/index",
      remote: undefined,
    },
  },
]
`;
