export const snapshot = {};

snapshot[`Plain text filter 1`] = `
{
  formats: [
    {
      engines: 0,
      ext: ".page.toml",
      isPage: true,
      loader: [AsyncFunction: toml],
    },
    {
      engines: 1,
      ext: ".page.ts",
      isPage: true,
      loader: [AsyncFunction: module],
    },
    {
      engines: 1,
      ext: ".page.js",
      isPage: true,
      loader: [AsyncFunction: module],
    },
    {
      engines: 0,
      ext: ".page.jsonc",
      isPage: true,
      loader: [AsyncFunction: json],
    },
    {
      engines: 0,
      ext: ".page.json",
      isPage: true,
      loader: [AsyncFunction: json],
    },
    {
      dataLoader: [AsyncFunction: json],
      engines: 0,
      ext: ".json",
      loader: [AsyncFunction: json],
    },
    {
      dataLoader: [AsyncFunction: json],
      engines: 0,
      ext: ".jsonc",
      loader: [AsyncFunction: json],
    },
    {
      engines: 1,
      ext: ".md",
      isPage: true,
      loader: [AsyncFunction: text],
    },
    {
      engines: 1,
      ext: ".markdown",
      isPage: true,
      loader: [AsyncFunction: text],
    },
    {
      dataLoader: [AsyncFunction: module],
      engines: 1,
      ext: ".js",
      loader: [AsyncFunction: module],
    },
    {
      dataLoader: [AsyncFunction: module],
      engines: 1,
      ext: ".ts",
      loader: [AsyncFunction: module],
    },
    {
      engines: 1,
      ext: ".vento",
      isPage: true,
      loader: [AsyncFunction: text],
    },
    {
      engines: 1,
      ext: ".vto",
      isPage: true,
      loader: [AsyncFunction: text],
    },
    {
      dataLoader: [AsyncFunction: toml],
      engines: 0,
      ext: ".toml",
      loader: [AsyncFunction: toml],
    },
    {
      dataLoader: [AsyncFunction: yaml],
      engines: 0,
      ext: ".yaml",
      isPage: true,
      loader: [AsyncFunction: yaml],
    },
    {
      dataLoader: [AsyncFunction: yaml],
      engines: 0,
      ext: ".yml",
      isPage: true,
      loader: [AsyncFunction: yaml],
    },
  ],
  src: [
    "/",
    "/index.vto",
  ],
}
`;

snapshot[`Plain text filter 2`] = `[]`;

snapshot[`Plain text filter 3`] = `
[
  {
    content: '<!DOCTYPE html>
<html lang="en">
<head>
  <meta charset="UTF-8">
  <meta name="viewport" content="width=device-width, initial-scale=1.0">
  <title>Hello world</title>
  <meta name="description" content="This is a description in multiple lines With list elements and links">
</head>
<body>
  <h1>Hello <strong>world</strong></h1>

  <p>This is a   description<br>
in multiple lines</p>
<ul>
<li>With</li>
<li>list</li>
<li>elements</li>
<li><a href="#url">and     links</a></li>
</ul>
</body>
</html>
',
    data: {
      basename: "",
      children: '<!DOCTYPE html>
<html lang="en">
<head>
  <meta charset="UTF-8">
  <meta name="viewport" content="width=device-width, initial-scale=1.0">
  <title>Hello world</title>
  <meta name="description" content="This is a description in multiple lines With list elements and links">
</head>
<body>
  <h1>Hello <strong>world</strong></h1>

  <p>This is a   description<br>
in multiple lines</p>
<ul>
<li>With</li>
<li>list</li>
<li>elements</li>
<li><a href="#url">and     links</a></li>
</ul>
</body>
</html>
',
      content: '<!DOCTYPE html>
<html lang="en">
<head>
  <meta charset="UTF-8">
  <meta name="viewport" content="width=device-width, initial-scale=1.0">
  <title>{{ title |> plaintext }}</title>
  <meta name="description" content="{{ description |> plaintext }}">
</head>
<body>
  <h1>{{ title |> md(true) }}</h1>

  {{ description |> md }}
</body>
</html>
',
      date: [],
      description: "This is a   description<br>
in multiple lines

- With
- list
- elements
- [and     links](#url)
",
      mergedKeys: [
        "tags",
      ],
      page: [
        "src",
        "data",
        "isCopy",
      ],
      paginate: "paginate",
      search: [],
      tags: "Array(0)",
      title: "Hello **world**",
      url: "/",
    },
    src: {
      ext: ".vto",
      path: "/index",
      remote: undefined,
    },
  },
]
`;
