export const snapshot = {};

snapshot[`purgecss plugin 1`] = `
{
  formats: [
    {
      engines: 0,
      ext: ".page.toml",
      isPage: true,
      loader: [AsyncFunction: toml],
    },
    {
      engines: 1,
      ext: ".page.ts",
      isPage: true,
      loader: [AsyncFunction: module],
    },
    {
      engines: 1,
      ext: ".page.js",
      isPage: true,
      loader: [AsyncFunction: module],
    },
    {
      engines: 0,
      ext: ".page.jsonc",
      isPage: true,
      loader: [AsyncFunction: json],
    },
    {
      engines: 0,
      ext: ".page.json",
      isPage: true,
      loader: [AsyncFunction: json],
    },
    {
      dataLoader: [AsyncFunction: json],
      engines: 0,
      ext: ".json",
      loader: [AsyncFunction: json],
    },
    {
      dataLoader: [AsyncFunction: json],
      engines: 0,
      ext: ".jsonc",
      loader: [AsyncFunction: json],
    },
    {
      engines: 1,
      ext: ".md",
      isPage: true,
      loader: [AsyncFunction: text],
    },
    {
      engines: 1,
      ext: ".markdown",
      isPage: true,
      loader: [AsyncFunction: text],
    },
    {
      dataLoader: [AsyncFunction: module],
      engines: 1,
      ext: ".js",
      loader: [AsyncFunction: module],
    },
    {
      dataLoader: [AsyncFunction: module],
      engines: 1,
      ext: ".ts",
      loader: [AsyncFunction: module],
    },
    {
      engines: 1,
      ext: ".vento",
      isPage: true,
      loader: [AsyncFunction: text],
    },
    {
      engines: 1,
      ext: ".vto",
      isPage: true,
      loader: [AsyncFunction: text],
    },
    {
      dataLoader: [AsyncFunction: toml],
      engines: 0,
      ext: ".toml",
      loader: [AsyncFunction: toml],
    },
    {
      dataLoader: [AsyncFunction: yaml],
      engines: 0,
      ext: ".yaml",
      isPage: true,
      loader: [AsyncFunction: yaml],
    },
    {
      dataLoader: [AsyncFunction: yaml],
      engines: 0,
      ext: ".yml",
      isPage: true,
      loader: [AsyncFunction: yaml],
    },
    {
      ext: ".css",
    },
  ],
  src: [
    "/",
    "/_includes",
    "/_includes/footer.vto",
    "/_includes/layout.vto",
    "/index.vto",
    "/pages",
    "/pages/page1.md",
    "/pages/page2.page.js",
    "/script.js",
    "/static",
    "/static/static.html",
    "/styles.css",
  ],
}
`;

snapshot[`purgecss plugin 2`] = `
[
  {
    entry: "/script.js",
    flags: [],
    outputPath: "/script.js",
  },
  {
    entry: "/static/static.html",
    flags: [],
    outputPath: "/static.html",
  },
]
`;

snapshot[`purgecss plugin 3`] = `
[
  {
    content: '<!DOCTYPE html>
<html lang="en">
<head>
  <meta charset="UTF-8">
  <meta http-equiv="X-UA-Compatible" content="IE=edge">
  <meta name="viewport" content="width=device-width, initial-scale=1.0">
  <title>TÍTULO</title>
</head>
<body>
  <h1>Título</h1>

<strong>strong</strong>

<div class="content-vento" tabindex="0">Content</div>


  <footer>
Título
</footer>
</body>
</html>
',
    data: {
      basename: "index",
      children: '<h1>Título</h1>

<strong>strong</strong>

<div class="content-vento" tabindex="0">Content</div>
',
      content: '<h1>{{ title }}</h1>

<strong>strong</strong>

<div class="content-vento" tabindex="0">Content</div>
',
      date: [],
      layout: "layout.vto",
      mergedKeys: [
        "tags",
      ],
      page: [
        "src",
        "data",
        "asset",
      ],
      paginate: "paginate",
      search: [],
      tags: "Array(0)",
      title: "Título",
      url: "/",
    },
    src: {
      asset: false,
      ext: ".vto",
      path: "/index",
      remote: undefined,
    },
  },
  {
    content: '<div class="content-dynamic">Content of Page 2</div>',
    data: {
      basename: "page2",
      children: '<div class="content-dynamic">Content of Page 2</div>',
      content: '<div class="content-dynamic">Content of Page 2</div>',
      date: [],
      mergedKeys: [
        "tags",
      ],
      page: [
        "src",
        "data",
        "asset",
      ],
      paginate: "paginate",
      search: [],
      tags: "Array(0)",
      title: "Page 2",
      url: "/page_2/",
    },
    src: {
      asset: false,
      ext: ".page.js",
      path: "/pages/page2",
      remote: undefined,
    },
  },
  {
    content: "<p>Content of Page 1</p>
",
    data: {
      basename: "page1",
      children: "<p>Content of Page 1</p>
",
      content: "Content of Page 1
",
      date: [],
      mergedKeys: [
        "tags",
      ],
      page: [
        "src",
        "data",
        "asset",
      ],
      paginate: "paginate",
      search: [],
      tags: "Array(0)",
      title: "Page 1",
      url: "/pages/page1/",
    },
    src: {
      asset: false,
      ext: ".md",
      path: "/pages/page1",
      remote: undefined,
    },
  },
  {
    content: "Uint8Array(732)",
    data: {
      basename: "styles",
      mergedKeys: [
        "tags",
      ],
      page: [
        "src",
        "data",
        "asset",
      ],
      paginate: "paginate",
      search: [],
      tags: "Array(0)",
      url: "/styles.css",
    },
    src: {
      asset: true,
      ext: ".css",
      path: "/styles",
      remote: undefined,
    },
  },
]
`;

snapshot[`purgecss plugin with options 1`] = `
{
  formats: [
    {
      engines: 0,
      ext: ".page.toml",
      isPage: true,
      loader: [AsyncFunction: toml],
    },
    {
      engines: 1,
      ext: ".page.ts",
      isPage: true,
      loader: [AsyncFunction: module],
    },
    {
      engines: 1,
      ext: ".page.js",
      isPage: true,
      loader: [AsyncFunction: module],
    },
    {
      engines: 0,
      ext: ".page.jsonc",
      isPage: true,
      loader: [AsyncFunction: json],
    },
    {
      engines: 0,
      ext: ".page.json",
      isPage: true,
      loader: [AsyncFunction: json],
    },
    {
      dataLoader: [AsyncFunction: json],
      engines: 0,
      ext: ".json",
      loader: [AsyncFunction: json],
    },
    {
      dataLoader: [AsyncFunction: json],
      engines: 0,
      ext: ".jsonc",
      loader: [AsyncFunction: json],
    },
    {
      engines: 1,
      ext: ".md",
      isPage: true,
      loader: [AsyncFunction: text],
    },
    {
      engines: 1,
      ext: ".markdown",
      isPage: true,
      loader: [AsyncFunction: text],
    },
    {
      dataLoader: [AsyncFunction: module],
      engines: 1,
      ext: ".js",
      loader: [AsyncFunction: module],
    },
    {
      dataLoader: [AsyncFunction: module],
      engines: 1,
      ext: ".ts",
      loader: [AsyncFunction: module],
    },
    {
      engines: 1,
      ext: ".vento",
      isPage: true,
      loader: [AsyncFunction: text],
    },
    {
      engines: 1,
      ext: ".vto",
      isPage: true,
      loader: [AsyncFunction: text],
    },
    {
      dataLoader: [AsyncFunction: toml],
      engines: 0,
      ext: ".toml",
      loader: [AsyncFunction: toml],
    },
    {
      dataLoader: [AsyncFunction: yaml],
      engines: 0,
      ext: ".yaml",
      isPage: true,
      loader: [AsyncFunction: yaml],
    },
    {
      dataLoader: [AsyncFunction: yaml],
      engines: 0,
      ext: ".yml",
      isPage: true,
      loader: [AsyncFunction: yaml],
    },
    {
      ext: ".css",
    },
  ],
  src: [
    "/",
    "/_includes",
    "/_includes/footer.vto",
    "/_includes/layout.vto",
    "/index.vto",
    "/pages",
    "/pages/page1.md",
    "/pages/page2.page.js",
    "/script.js",
    "/static",
    "/static/static.html",
    "/styles.css",
  ],
}
`;

snapshot[`purgecss plugin with options 2`] = `
[
  {
    entry: "/script.js",
    flags: [],
    outputPath: "/script.js",
  },
  {
    entry: "/static/static.html",
    flags: [],
    outputPath: "/static.html",
  },
]
`;

snapshot[`purgecss plugin with options 3`] = `
[
  {
    content: '<!DOCTYPE html>
<html lang="en">
<head>
  <meta charset="UTF-8">
  <meta http-equiv="X-UA-Compatible" content="IE=edge">
  <meta name="viewport" content="width=device-width, initial-scale=1.0">
  <title>TÍTULO</title>
</head>
<body>
  <h1>Título</h1>

<strong>strong</strong>

<div class="content-vento" tabindex="0">Content</div>


  <footer>
Título
</footer>
</body>
</html>
',
    data: {
      basename: "index",
      children: '<h1>Título</h1>

<strong>strong</strong>

<div class="content-vento" tabindex="0">Content</div>
',
      content: '<h1>{{ title }}</h1>

<strong>strong</strong>

<div class="content-vento" tabindex="0">Content</div>
',
      date: [],
      layout: "layout.vto",
      mergedKeys: [
        "tags",
      ],
      page: [
        "src",
        "data",
        "asset",
      ],
      paginate: "paginate",
      search: [],
      tags: "Array(0)",
      title: "Título",
      url: "/",
    },
    src: {
      asset: false,
      ext: ".vto",
      path: "/index",
      remote: undefined,
    },
  },
  {
    content: '<div class="content-dynamic">Content of Page 2</div>',
    data: {
      basename: "page2",
      children: '<div class="content-dynamic">Content of Page 2</div>',
      content: '<div class="content-dynamic">Content of Page 2</div>',
      date: [],
      mergedKeys: [
        "tags",
      ],
      page: [
        "src",
        "data",
        "asset",
      ],
      paginate: "paginate",
      search: [],
      tags: "Array(0)",
      title: "Page 2",
      url: "/page_2/",
    },
    src: {
      asset: false,
      ext: ".page.js",
      path: "/pages/page2",
      remote: undefined,
    },
  },
  {
    content: "<p>Content of Page 1</p>
",
    data: {
      basename: "page1",
      children: "<p>Content of Page 1</p>
",
      content: "Content of Page 1
",
      date: [],
      mergedKeys: [
        "tags",
      ],
      page: [
        "src",
        "data",
        "asset",
      ],
      paginate: "paginate",
      search: [],
      tags: "Array(0)",
      title: "Page 1",
      url: "/pages/page1/",
    },
    src: {
      asset: false,
      ext: ".md",
      path: "/pages/page1",
      remote: undefined,
    },
  },
  {
    content: "Uint8Array(732)",
    data: {
      basename: "styles",
      mergedKeys: [
        "tags",
      ],
      page: [
        "src",
        "data",
        "asset",
      ],
      paginate: "paginate",
      search: [],
      tags: "Array(0)",
      url: "/styles.css",
    },
    src: {
      asset: true,
      ext: ".css",
      path: "/styles",
      remote: undefined,
    },
  },
]
`;
