export const snapshot = {};

snapshot[`render remote files 1`] = `
{
  formats: [
    {
      engines: 0,
      ext: ".page.toml",
      loader: [AsyncFunction: toml],
      pageType: "page",
    },
    {
      engines: 1,
      ext: ".page.ts",
      loader: [AsyncFunction: module],
      pageType: "page",
    },
    {
      engines: 1,
      ext: ".page.js",
      loader: [AsyncFunction: module],
      pageType: "page",
    },
    {
      engines: 0,
      ext: ".page.jsonc",
      loader: [AsyncFunction: json],
      pageType: "page",
    },
    {
      engines: 0,
      ext: ".page.json",
      loader: [AsyncFunction: json],
      pageType: "page",
    },
    {
      dataLoader: [AsyncFunction: json],
      engines: 0,
      ext: ".json",
      loader: [AsyncFunction: json],
    },
    {
      dataLoader: [AsyncFunction: json],
      engines: 0,
      ext: ".jsonc",
      loader: [AsyncFunction: json],
    },
    {
      engines: 1,
      ext: ".md",
      loader: [AsyncFunction: text],
      pageType: "page",
    },
    {
      engines: 1,
      ext: ".markdown",
      loader: [AsyncFunction: text],
      pageType: "page",
    },
    {
      assetLoader: [AsyncFunction: text],
      dataLoader: [AsyncFunction: module],
      engines: 1,
      ext: ".js",
      loader: [AsyncFunction: module],
      pageType: "asset",
    },
    {
      assetLoader: [AsyncFunction: text],
      dataLoader: [AsyncFunction: module],
      engines: 1,
      ext: ".ts",
      loader: [AsyncFunction: module],
      pageType: "asset",
    },
    {
      engines: 1,
      ext: ".vento",
      loader: [AsyncFunction: text],
      pageType: "page",
    },
    {
      engines: 1,
      ext: ".vto",
      loader: [AsyncFunction: text],
      pageType: "page",
    },
    {
      dataLoader: [AsyncFunction: toml],
      engines: 0,
      ext: ".toml",
      loader: [AsyncFunction: toml],
    },
    {
      dataLoader: [AsyncFunction: yaml],
      engines: 0,
      ext: ".yaml",
      loader: [AsyncFunction: yaml],
      pageType: "page",
    },
    {
      dataLoader: [AsyncFunction: yaml],
      engines: 0,
      ext: ".yml",
      loader: [AsyncFunction: yaml],
      pageType: "page",
    },
    {
      assetLoader: [AsyncFunction: text],
      ext: ".css",
      pageType: "asset",
    },
    {
      assetLoader: [AsyncFunction: text],
      ext: ".scss",
      pageType: "asset",
    },
    {
      assetLoader: [AsyncFunction: text],
      ext: ".sass",
      pageType: "asset",
    },
    {
      engines: 1,
      ext: ".njk",
      loader: [AsyncFunction: text],
      pageType: "page",
    },
  ],
  src: [
    "/",
    "/_data.yml",
    "/_includes",
    "/_includes/hello.js",
    "/_includes/name.js",
    "/_includes/remote-style.css",
    "/_includes/remote1.njk",
    "/_includes/templates",
    "/_includes/templates/local1.njk",
    "/_includes/templates/remote-template2.njk",
    "/_includes/variables.scss",
    "/_remotes",
    "/_remotes/_data.yml",
    "/_remotes/asset.txt",
    "/_remotes/hello.js",
    "/_remotes/other-remote-style.css",
    "/_remotes/remote-style.css",
    "/_remotes/remote-template2.njk",
    "/_remotes/remote1.njk",
    "/_remotes/styles2.css",
    "/_remotes/variables.scss",
    "/asset.txt",
    "/local1.md",
    "/normalize.css",
    "/other-remote-style.css",
    "/scripts.js",
    "/styles",
    "/styles/styles2.css",
    "/styles1.css",
    "/styles2.css",
    "/styles3.scss",
  ],
}
`;

snapshot[`render remote files 2`] = `
[
  {
    entry: "/asset.txt",
    flags: [
      "remote",
    ],
    outputPath: "/asset.txt",
  },
]
`;

snapshot[`render remote files 3`] = `
[
  {
    content: "<h1>Remote layout</h1>
<h2>Remote title</h2>

&lt;p&gt;Hello world&lt;/p&gt;


This is a local template

This is a remote template
",
    data: {
      basename: "local1",
      children: "<p>Hello world</p>
",
      content: "Hello world
",
      date: [],
      layout: "remote1.njk",
      mergedKeys: [
        "tags",
      ],
      page: [
        "src",
        "data",
        "asset",
      ],
      paginate: "paginate",
      search: [],
      tags: "Array(0)",
      title: "Remote title",
      url: "/local1/",
    },
    src: {
      asset: false,
      ext: ".md",
      path: "/local1",
      remote: undefined,
    },
  },
  {
    content: "/**
 * Minified by jsDelivr using clean-css v5.3.2.
 * Original file: /npm/normalize.css@8.0.1/normalize.css
 *
 * Do NOT use SRI with dynamically generated files! More information: https://www.jsdelivr.com/using-sri-with-dynamic-files
 */
/*! normalize.css v8.0.1 | MIT License | github.com/necolas/normalize.css */
html{line-height:1.15;-webkit-text-size-adjust:100%}
body{margin:0}
main{display:block}
h1{font-size:2em;margin:.67em 0}
hr{box-sizing:content-box;height:0;overflow:visible}
pre{font-family:monospace,monospace;font-size:1em}
a{background-color:transparent}
abbr[title]{border-bottom:none;text-decoration:underline;-webkit-text-decoration:underline dotted;text-decoration:underline dotted}
b,strong{font-weight:bolder}
code,kbd,samp{font-family:monospace,monospace;font-size:1em}
small{font-size:80%}
sub,sup{font-size:75%;line-height:0;position:relative;vertical-align:baseline}
sub{bottom:-.25em}
sup{top:-.5em}
img{border-style:none}
button,input,optgroup,select,textarea{font-family:inherit;font-size:100%;line-height:1.15;margin:0}
button,input{overflow:visible}
button,select{text-transform:none}
[type=button],[type=reset],[type=submit],button{-webkit-appearance:button}
[type=button]::-moz-focus-inner,[type=reset]::-moz-focus-inner,[type=submit]::-moz-focus-inner,button::-moz-focus-inner{border-style:none;padding:0}
[type=button]:-moz-focusring,[type=reset]:-moz-focusring,[type=submit]:-moz-focusring,button:-moz-focusring{outline:1px dotted ButtonText}
fieldset{padding:.35em .75em .625em}
legend{box-sizing:border-box;color:inherit;display:table;max-width:100%;padding:0;white-space:normal}
progress{vertical-align:baseline}
textarea{overflow:auto}
[type=checkbox],[type=radio]{box-sizing:border-box;padding:0}
[type=number]::-webkit-inner-spin-button,[type=number]::-webkit-outer-spin-button{height:auto}
[type=search]{-webkit-appearance:textfield;outline-offset:-2px}
[type=search]::-webkit-search-decoration{-webkit-appearance:none}
::-webkit-file-upload-button{-webkit-appearance:button;font:inherit}
details{display:block}
summary{display:list-item}
template{display:none}
[hidden]{display:none}",
    data: {
      basename: "normalize",
      content: "/**
 * Minified by jsDelivr using clean-css v5.3.2.
 * Original file: /npm/normalize.css@8.0.1/normalize.css
 *
 * Do NOT use SRI with dynamically generated files! More information: https://www.jsdelivr.com/using-sri-with-dynamic-files
 */
/*! normalize.css v8.0.1 | MIT License | github.com/necolas/normalize.css */
html{line-height:1.15;-webkit-text-size-adjust:100%}body{margin:0}main{display:block}h1{font-size:2em;margin:.67em 0}hr{box-sizing:content-box;height:0;overflow:visible}pre{font-family:monospace,monospace;font-size:1em}a{background-color:transparent}abbr[title]{border-bottom:none;text-decoration:underline;text-decoration:underline dotted}b,strong{font-weight:bolder}code,kbd,samp{font-family:monospace,monospace;font-size:1em}small{font-size:80%}sub,sup{font-size:75%;line-height:0;position:relative;vertical-align:baseline}sub{bottom:-.25em}sup{top:-.5em}img{border-style:none}button,input,optgroup,select,textarea{font-family:inherit;font-size:100%;line-height:1.15;margin:0}button,input{overflow:visible}button,select{text-transform:none}[type=button],[type=reset],[type=submit],button{-webkit-appearance:button}[type=button]::-moz-focus-inner,[type=reset]::-moz-focus-inner,[type=submit]::-moz-focus-inner,button::-moz-focus-inner{border-style:none;padding:0}[type=button]:-moz-focusring,[type=reset]:-moz-focusring,[type=submit]:-moz-focusring,button:-moz-focusring{outline:1px dotted ButtonText}fieldset{padding:.35em .75em .625em}legend{box-sizing:border-box;color:inherit;display:table;max-width:100%;padding:0;white-space:normal}progress{vertical-align:baseline}textarea{overflow:auto}[type=checkbox],[type=radio]{box-sizing:border-box;padding:0}[type=number]::-webkit-inner-spin-button,[type=number]::-webkit-outer-spin-button{height:auto}[type=search]{-webkit-appearance:textfield;outline-offset:-2px}[type=search]::-webkit-search-decoration{-webkit-appearance:none}::-webkit-file-upload-button{-webkit-appearance:button;font:inherit}details{display:block}summary{display:list-item}template{display:none}[hidden]{display:none}
/*# sourceMappingURL=/sm/5d8a97cdb40a6c49031b52d63494a6eca084416b5b035e5698fdc5fa0969b2c3.map */",
      date: [],
      mergedKeys: [
        "tags",
      ],
      page: [
        "src",
        "data",
        "asset",
      ],
      paginate: "paginate",
      search: [],
      tags: "Array(0)",
      title: "Remote title",
      url: "/normalize.css",
    },
    src: {
      asset: true,
      ext: ".css",
      path: "/normalize",
      remote: "https://cdn.jsdelivr.net/npm/normalize.css",
    },
  },
  {
    content: "/* Other remote style */
body {
  color: yellow;
}
",
    data: {
      basename: "other-remote-style",
      content: "/* Other remote style */
body {
  color: yellow;
}
",
      date: [],
      mergedKeys: [
        "tags",
      ],
      page: [
        "src",
        "data",
        "asset",
      ],
      paginate: "paginate",
      search: [],
      tags: "Array(0)",
      title: "Remote title",
      url: "/other-remote-style.css",
    },
    src: {
      asset: true,
      ext: ".css",
      path: "/other-remote-style",
      remote: "assets/remote_files/_remotes/other-remote-style.css",
    },
  },
  {
    content: 'var r=Object.defineProperty;var e=(t,m)=>r(t,"name",{value:m,configurable:!0});var l="Name";function o(){console.log("hello",l)}e(o,"default");o();
',
    data: {
      basename: "scripts",
      content: 'import hello from "./_includes/hello.js";

hello();
',
      date: [],
      mergedKeys: [
        "tags",
      ],
      page: [
        "src",
        "data",
        "asset",
      ],
      paginate: "paginate",
      search: [],
      tags: "Array(0)",
      title: "Remote title",
      url: "/scripts.js",
    },
    src: {
      asset: true,
      ext: ".js",
      path: "/scripts",
      remote: undefined,
    },
  },
  {
    content: "body {
  color: blue;
}",
    data: {
      basename: "styles2",
      content: "body {
  color: blue;
}",
      date: [],
      mergedKeys: [
        "tags",
      ],
      page: [
        "src",
        "data",
        "asset",
      ],
      paginate: "paginate",
      search: [],
      tags: "Array(0)",
      title: "Remote title",
      url: "/styles/styles2.css",
    },
    src: {
      asset: true,
      ext: ".css",
      path: "/styles/styles2",
      remote: "assets/remote_files/_remotes/styles2.css",
    },
  },
  {
    content: "/* Remote style */
body {
  color: red;
}
/* Other remote style */
body {
  color: yellow;
}
",
    data: {
      basename: "styles1",
      content: '@import "remote-style.css";
@import "./other-remote-style.css";
',
      date: [],
      mergedKeys: [
        "tags",
      ],
      page: [
        "src",
        "data",
        "asset",
      ],
      paginate: "paginate",
      search: [],
      tags: "Array(0)",
      title: "Remote title",
      url: "/styles1.css",
    },
    src: {
      asset: true,
      ext: ".css",
      path: "/styles1",
      remote: undefined,
    },
  },
  {
    content: "body {
  color: blue;
}",
    data: {
      basename: "styles2",
      content: "body {
  color: blue;
}",
      date: [],
      mergedKeys: [
        "tags",
      ],
      page: [
        "src",
        "data",
        "asset",
      ],
      paginate: "paginate",
      search: [],
      tags: "Array(0)",
      title: "Remote title",
      url: "/styles2.css",
    },
    src: {
      asset: true,
      ext: ".css",
      path: "/styles2",
      remote: "assets/remote_files/_remotes/styles2.css",
    },
  },
  {
    content: "body{color:blue}",
    data: {
      basename: "styles3",
      content: '@use "variables" as *;

body {
  color: \$color;
}
',
      date: [],
      mergedKeys: [
        "tags",
      ],
      page: [
        "src",
        "data",
        "asset",
      ],
      paginate: "paginate",
      search: [],
      tags: "Array(0)",
      title: "Remote title",
      url: "/styles3.css",
    },
    src: {
      asset: true,
      ext: ".scss",
      path: "/styles3",
      remote: undefined,
    },
  },
]
`;
