export const snapshot = {};

snapshot[`sass plugin 1`] = `
{
  formats: [
    {
      engines: 0,
      ext: ".page.toml",
      isPage: true,
      loader: [AsyncFunction: toml],
    },
    {
      engines: 1,
      ext: ".page.ts",
      isPage: true,
      loader: [AsyncFunction: module],
    },
    {
      engines: 1,
      ext: ".page.js",
      isPage: true,
      loader: [AsyncFunction: module],
    },
    {
      engines: 0,
      ext: ".page.jsonc",
      isPage: true,
      loader: [AsyncFunction: json],
    },
    {
      engines: 0,
      ext: ".page.json",
      isPage: true,
      loader: [AsyncFunction: json],
    },
    {
      dataLoader: [AsyncFunction: json],
      engines: 0,
      ext: ".json",
      loader: [AsyncFunction: json],
    },
    {
      dataLoader: [AsyncFunction: json],
      engines: 0,
      ext: ".jsonc",
      loader: [AsyncFunction: json],
    },
    {
      engines: 1,
      ext: ".md",
      isPage: true,
      loader: [AsyncFunction: text],
    },
    {
      engines: 1,
      ext: ".markdown",
      isPage: true,
      loader: [AsyncFunction: text],
    },
    {
      dataLoader: [AsyncFunction: module],
      engines: 1,
      ext: ".js",
      loader: [AsyncFunction: module],
    },
    {
      dataLoader: [AsyncFunction: module],
      engines: 1,
      ext: ".ts",
      loader: [AsyncFunction: module],
    },
    {
      engines: 1,
      ext: ".vento",
      isPage: true,
      loader: [AsyncFunction: text],
    },
    {
      engines: 1,
      ext: ".vto",
      isPage: true,
      loader: [AsyncFunction: text],
    },
    {
      dataLoader: [AsyncFunction: toml],
      engines: 0,
      ext: ".toml",
      loader: [AsyncFunction: toml],
    },
    {
      dataLoader: [AsyncFunction: yaml],
      engines: 0,
      ext: ".yaml",
      isPage: true,
      loader: [AsyncFunction: yaml],
    },
    {
      dataLoader: [AsyncFunction: yaml],
      engines: 0,
      ext: ".yml",
      isPage: true,
      loader: [AsyncFunction: yaml],
    },
    {
      ext: ".scss",
    },
    {
      ext: ".sass",
    },
  ],
  src: [
    "/",
    "/_includes",
    "/_includes/sass",
    "/_includes/sass/_list.scss",
    "/_includes/sass/bootstrap.scss",
    "/_includes/sass/button",
    "/_includes/sass/button/index.scss",
    "/_includes/sass/colors.scss",
    "/_includes/sass/third.scss",
    "/index.scss",
    "/index2.sass",
    "/styles.css",
  ],
}
`;

snapshot[`sass plugin 2`] = `[]`;

snapshot[`sass plugin 3`] = `
[
  {
    content: '@import"./styles.css";html{scroll-behavior:smooth;font:100% Helvetica,sans-serif}body{font:100% Helvetica,sans-serif;color:#333}li{margin:0;padding:0;list-style:none}',
    data: {
      basename: "index",
      mergedKeys: [
        "tags",
      ],
      page: [
        "src",
        "data",
      ],
      paginate: "paginate",
      search: [],
      tags: "Array(0)",
      url: "/index.css",
    },
    src: {
      ext: ".scss",
      path: "/index",
      remote: undefined,
    },
  },
  {
    content: "body{color:blue}",
    data: {
      basename: "index2",
      mergedKeys: [
        "tags",
      ],
      page: [
        "src",
        "data",
      ],
      paginate: "paginate",
      search: [],
      tags: "Array(0)",
      url: "/index2.css",
    },
    src: {
      ext: ".sass",
      path: "/index2",
      remote: undefined,
    },
  },
]
`;
