export const snapshot = {};

snapshot[`SRI plugin 1`] = `
{
  formats: [
    {
      engines: 0,
      ext: ".page.toml",
      isPage: true,
      loader: [AsyncFunction: toml],
    },
    {
      engines: 1,
      ext: ".page.ts",
      isPage: true,
      loader: [AsyncFunction: module],
    },
    {
      engines: 1,
      ext: ".page.js",
      isPage: true,
      loader: [AsyncFunction: module],
    },
    {
      engines: 0,
      ext: ".page.jsonc",
      isPage: true,
      loader: [AsyncFunction: json],
    },
    {
      engines: 0,
      ext: ".page.json",
      isPage: true,
      loader: [AsyncFunction: json],
    },
    {
      dataLoader: [AsyncFunction: json],
      engines: 0,
      ext: ".json",
      loader: [AsyncFunction: json],
    },
    {
      dataLoader: [AsyncFunction: json],
      engines: 0,
      ext: ".jsonc",
      loader: [AsyncFunction: json],
    },
    {
      engines: 1,
      ext: ".md",
      isPage: true,
      loader: [AsyncFunction: text],
    },
    {
      engines: 1,
      ext: ".markdown",
      isPage: true,
      loader: [AsyncFunction: text],
    },
    {
      dataLoader: [AsyncFunction: module],
      engines: 1,
      ext: ".js",
      loader: [AsyncFunction: module],
    },
    {
      dataLoader: [AsyncFunction: module],
      engines: 1,
      ext: ".ts",
      loader: [AsyncFunction: module],
    },
    {
      engines: 1,
      ext: ".vento",
      isPage: true,
      loader: [AsyncFunction: text],
    },
    {
      engines: 1,
      ext: ".vto",
      isPage: true,
      loader: [AsyncFunction: text],
    },
    {
      dataLoader: [AsyncFunction: toml],
      engines: 0,
      ext: ".toml",
      loader: [AsyncFunction: toml],
    },
    {
      dataLoader: [AsyncFunction: yaml],
      engines: 0,
      ext: ".yaml",
      isPage: true,
      loader: [AsyncFunction: yaml],
    },
    {
      dataLoader: [AsyncFunction: yaml],
      engines: 0,
      ext: ".yml",
      isPage: true,
      loader: [AsyncFunction: yaml],
    },
    {
      ext: ".html",
    },
  ],
  src: [
    "/",
    "/index.vto",
    "/script.js",
  ],
}
`;

snapshot[`SRI plugin 2`] = `[]`;

snapshot[`SRI plugin 3`] = `
[
  {
    content: '<!DOCTYPE html>
<html lang="en"><head>
  <meta charset="UTF-8">
  <meta name="viewport" content="width=device-width, initial-scale=1.0">
  <title>title</title>
  <script src="https://code.jquery.com/jquery-3.7.0.slim.min.js" integrity="sha384-w5y/xIeYixWvfM+A1cEbmHPURnvyqmVg5eVENruEdDjcyRLUSNej7512JQGspFUr" crossorigin="anonymous"></script>
  <script src="./script.js"></script>
  <link rel="stylesheet" href="https://cdn.jsdelivr.net/npm/picnic" integrity="sha384-v1z6igsPTyRDbi5o+gRfebiF45laQTyfvucMlEmzfyalawh17iTvBbICU08I7ksb" crossorigin="anonymous">
</head>
<body>


</body></html>',
    data: {
      basename: "index",
      children: '<!DOCTYPE html>
<html lang="en">
<head>
  <meta charset="UTF-8">
  <meta name="viewport" content="width=device-width, initial-scale=1.0">
  <title>title</title>
  <script src="https://code.jquery.com/jquery-3.7.0.slim.min.js"></script>
  <script src="./script.js"></script>
  <link rel="stylesheet" href="https://cdn.jsdelivr.net/npm/picnic" />
</head>
<body>

</body>
</html>',
      content: '<!DOCTYPE html>
<html lang="en">
<head>
  <meta charset="UTF-8">
  <meta name="viewport" content="width=device-width, initial-scale=1.0">
  <title>title</title>
  <script src="https://code.jquery.com/jquery-3.7.0.slim.min.js"></script>
  <script src="./script.js"></script>
  <link rel="stylesheet" href="https://cdn.jsdelivr.net/npm/picnic" />
</head>
<body>

</body>
</html>',
      date: [],
      mergedKeys: [
        "tags",
      ],
      page: [
        "src",
        "data",
        "asset",
      ],
      paginate: "paginate",
      search: [],
      tags: "Array(0)",
      url: "/",
    },
    src: {
      asset: false,
      ext: ".vto",
      path: "/index",
      remote: undefined,
    },
  },
]
`;
