export const snapshot = {};

snapshot[`TOML plugin 1`] = `
{
  formats: [
    {
      engines: 0,
      ext: ".page.toml",
      isPage: true,
      loader: [AsyncFunction: toml],
    },
    {
      engines: 1,
      ext: ".page.ts",
      isPage: true,
      loader: [AsyncFunction: module],
    },
    {
      engines: 1,
      ext: ".page.js",
      isPage: true,
      loader: [AsyncFunction: module],
    },
    {
      engines: 0,
      ext: ".page.jsonc",
      isPage: true,
      loader: [AsyncFunction: json],
    },
    {
      engines: 0,
      ext: ".page.json",
      isPage: true,
      loader: [AsyncFunction: json],
    },
    {
      dataLoader: [AsyncFunction: json],
      engines: 0,
      ext: ".json",
      loader: [AsyncFunction: json],
    },
    {
      dataLoader: [AsyncFunction: json],
      engines: 0,
      ext: ".jsonc",
      loader: [AsyncFunction: json],
    },
    {
      engines: 1,
      ext: ".md",
      isPage: true,
      loader: [AsyncFunction: text],
    },
    {
      engines: 1,
      ext: ".markdown",
      isPage: true,
      loader: [AsyncFunction: text],
    },
    {
      dataLoader: [AsyncFunction: module],
      engines: 1,
      ext: ".js",
      loader: [AsyncFunction: module],
    },
    {
      dataLoader: [AsyncFunction: module],
      engines: 1,
      ext: ".ts",
      loader: [AsyncFunction: module],
    },
    {
      engines: 1,
      ext: ".vento",
      isPage: true,
      loader: [AsyncFunction: text],
    },
    {
      engines: 1,
      ext: ".vto",
      isPage: true,
      loader: [AsyncFunction: text],
    },
    {
      dataLoader: [AsyncFunction: toml],
      engines: 0,
      ext: ".toml",
      loader: [AsyncFunction: toml],
    },
    {
      dataLoader: [AsyncFunction: yaml],
      engines: 0,
      ext: ".yaml",
      isPage: true,
      loader: [AsyncFunction: yaml],
    },
    {
      dataLoader: [AsyncFunction: yaml],
      engines: 0,
      ext: ".yml",
      isPage: true,
      loader: [AsyncFunction: yaml],
    },
  ],
  src: [
    "/",
    "/_data.toml",
    "/_includes",
    "/_includes/layout.vto",
    "/index.page.toml",
    "/page1.md",
  ],
}
`;

snapshot[`TOML plugin 2`] = `[]`;

snapshot[`TOML plugin 3`] = `
[
  {
    content: "<html>
  <head>
    <title>Title of the index</title>
  </head>
  <body>
    <h1>Default title</h1>
    <p>Default description</p>
    <h2>Title of the index</h2>
    <p>Content of the index</p>
    
  </body>
</html>",
    data: {
      basename: "",
      children: "Content of the index",
      content: "Content of the index",
      date: [],
      layout: "layout.vto",
      mergedKeys: [
        "tags",
      ],
      page: [
        "src",
        "data",
      ],
      paginate: "paginate",
      search: [],
      site: [
        "title",
        "description",
      ],
      tags: "Array(0)",
      title: "Title of the index",
      url: "/",
    },
    src: {
      ext: ".page.toml",
      path: "/index",
      remote: undefined,
    },
  },
  {
    content: "<h1>Welcome</h1>
",
    data: {
      basename: "page1",
      children: "<h1>Welcome</h1>
",
      content: "# Welcome
",
      date: [],
      mergedKeys: [
        "tags",
      ],
      page: [
        "src",
        "data",
      ],
      paginate: "paginate",
      search: [],
      site: [
        "title",
        "description",
      ],
      tags: "Array(0)",
      title: "First page",
      url: "/page1/",
    },
    src: {
      ext: ".md",
      path: "/page1",
      remote: undefined,
    },
  },
]
`;
