export const snapshot = {};

snapshot[`url and htmlUrl update href 1`] = `
{
  formats: [
    {
      engines: 0,
      ext: ".page.toml",
      isPage: true,
      loader: [AsyncFunction: toml],
    },
    {
      engines: 1,
      ext: ".page.ts",
      isPage: true,
      loader: [AsyncFunction: module],
    },
    {
      engines: 1,
      ext: ".page.js",
      isPage: true,
      loader: [AsyncFunction: module],
    },
    {
      engines: 0,
      ext: ".page.jsonc",
      isPage: true,
      loader: [AsyncFunction: json],
    },
    {
      engines: 0,
      ext: ".page.json",
      isPage: true,
      loader: [AsyncFunction: json],
    },
    {
      dataLoader: [AsyncFunction: json],
      engines: 0,
      ext: ".json",
      loader: [AsyncFunction: json],
    },
    {
      dataLoader: [AsyncFunction: json],
      engines: 0,
      ext: ".jsonc",
      loader: [AsyncFunction: json],
    },
    {
      engines: 1,
      ext: ".md",
      isPage: true,
      loader: [AsyncFunction: text],
    },
    {
      engines: 1,
      ext: ".markdown",
      isPage: true,
      loader: [AsyncFunction: text],
    },
    {
      dataLoader: [AsyncFunction: module],
      engines: 1,
      ext: ".js",
      loader: [AsyncFunction: module],
    },
    {
      dataLoader: [AsyncFunction: module],
      engines: 1,
      ext: ".ts",
      loader: [AsyncFunction: module],
    },
    {
      engines: 1,
      ext: ".vento",
      isPage: true,
      loader: [AsyncFunction: text],
    },
    {
      engines: 1,
      ext: ".vto",
      isPage: true,
      loader: [AsyncFunction: text],
    },
    {
      dataLoader: [AsyncFunction: toml],
      engines: 0,
      ext: ".toml",
      loader: [AsyncFunction: toml],
    },
    {
      dataLoader: [AsyncFunction: yaml],
      engines: 0,
      ext: ".yaml",
      isPage: true,
      loader: [AsyncFunction: yaml],
    },
    {
      dataLoader: [AsyncFunction: yaml],
      engines: 0,
      ext: ".yml",
      isPage: true,
      loader: [AsyncFunction: yaml],
    },
  ],
  src: [
    "/",
    "/default-filter.page.js",
    "/renamed-filter.page.js",
  ],
}
`;

snapshot[`url and htmlUrl update href 2`] = `[]`;

snapshot[`url and htmlUrl update href 3`] = `
[
  {
    content: '
    <!DOCTYPE html>
    <html lang="en">
        <head>
            <title>Default Filter</title>
        </head>
        <body>
            <a id="url" href="https://example.com/test/url/">Url</a>
            <a id="htmlUrl" href="https://example.com/test/htmlUrl/">htmlUrl</a>
            <template>
              <h1>Template content</h1>
            </template>
        </body>
    </html>
  ',
    data: {
      basename: "default-filter",
      children: '
    <!DOCTYPE html>
    <html lang="en">
        <head>
            <title>Default Filter</title>
        </head>
        <body>
            <a id="url" href="https://example.com/test/url/">Url</a>
            <a id="htmlUrl" href="https://example.com/test/htmlUrl/">htmlUrl</a>
            <template>
              <h1>Template content</h1>
            </template>
        </body>
    </html>
  ',
      content: "default",
      date: [],
      mergedKeys: [
        "tags",
      ],
      page: [
        "src",
        "data",
      ],
      paginate: "paginate",
      search: [],
      tags: "Array(0)",
      title: "Default Filter",
      url: "/default-filter/",
    },
    src: {
      ext: ".page.js",
      path: "/default-filter",
      remote: undefined,
    },
  },
  {
    content: '
    <!DOCTYPE html>
    <html lang="en">
        <head>
            <title>Renamed Filter</title>
        </head>
        <body>
            <a id="urlify" href="undefined">Urlify</a>
            undefined
        </body>
    </html>
  ',
    data: {
      basename: "renamed-filter",
      children: '
    <!DOCTYPE html>
    <html lang="en">
        <head>
            <title>Renamed Filter</title>
        </head>
        <body>
            <a id="urlify" href="undefined">Urlify</a>
            undefined
        </body>
    </html>
  ',
      content: "default",
      date: [],
      mergedKeys: [
        "tags",
      ],
      page: [
        "src",
        "data",
      ],
      paginate: "paginate",
      search: [],
      tags: "Array(0)",
      title: "Renamed Filter",
      url: "/renamed-filter/",
    },
    src: {
      ext: ".page.js",
      path: "/renamed-filter",
      remote: undefined,
    },
  },
]
`;
